Row 22: Unrealistic year
Row 66: Unrealistic year
Row 76: Unrealistic year
Row 195: Unrealistic year
Row 214: Unrealistic year
Row 293: Unrealistic year
Row 303: Unrealistic year
Row 414: Unrealistic year
Row 441: Unrealistic year
Row 513: Unrealistic year
Row 759: Unrealistic year
Row 944: Unrealistic year
Row 954: Unrealistic year
Row 955: Unrealistic year
Row 958: Unrealistic year
Row 1002: Unrealistic year
Row 1259: Unrealistic year
Row 1335: Unrealistic year
Row 1376: Unrealistic year
Row 1400: Unrealistic year
Row 1403: Unrealistic year
Row 1652: Unrealistic year
Row 1678: Unrealistic year
Row 1733: Unrealistic year
Row 1735: Unrealistic year
Row 1737: Unrealistic year
Row 1793: Unrealistic year
Row 1896: Invalid ISBN format, Unrealistic year
Row 2104: Unrealistic year
Row 2152: Unrealistic year
Row 2223: Unrealistic year
Row 2244: Unrealistic year
Row 2287: Unrealistic year
Row 2411: Unrealistic year
Row 2502: Unrealistic year
Row 2558: Unrealistic year
Row 2571: Unrealistic year
Row 2597: Unrealistic year
Row 2627: Unrealistic year
Row 2636: Unrealistic year
Row 2642: Unrealistic year
Row 2757: Unrealistic year
Row 2818: Unrealistic year
Row 2955: Unrealistic year
Row 2961: Unrealistic year
Row 2964: Unrealistic year
Row 2966: Unrealistic year
Row 3015: Unrealistic year
Row 3071: Unrealistic year
Row 3098: Unrealistic year
Row 3104: Unrealistic year
Row 3131: Unrealistic year
Row 3270: Unrealistic year
Row 3273: Unrealistic year
Row 3294: Unrealistic year
Row 3339: Unrealistic year
Row 3417: Unrealistic year
Row 3433: Unrealistic year
Row 3530: Unrealistic year
Row 3593: Unrealistic year
Row 3623: Unrealistic year
Row 3771: Unrealistic year
Row 3785: Unrealistic year
Row 3800: Unrealistic year
Row 3912: Unrealistic year
Row 4046: Unrealistic year
Row 4105: Unrealistic year
Row 4116: Unrealistic year
Row 4129: Unrealistic year
Row 4168: Unrealistic year
Row 4174: Unrealistic year
Row 4203: Unrealistic year
Row 4229: Unrealistic year
Row 4259: Unrealistic year
Row 4355: Unrealistic year
Row 4372: Unrealistic year
Row 4381: Unrealistic year
Row 4465: Unrealistic year
Row 4491: Unrealistic year
Row 4503: Unrealistic year
Row 4570: Unrealistic year
Row 4722: Unrealistic year
Row 4805: Unrealistic year
Row 4806: Unrealistic year
Row 4816: Unrealistic year
Row 4817: Unrealistic year
Row 4864: Unrealistic year
Row 4915: Unrealistic year
Row 4935: Unrealistic year
Row 5040: Unrealistic year
Row 5081: Unrealistic year
Row 5164: Unrealistic year
Row 5238: Unrealistic year
Row 5405: Unrealistic year
Row 5417: Unrealistic year
Row 5583: Unrealistic year
Row 5621: Unrealistic year
Row 5692: Unrealistic year
Row 5860: Unrealistic year
Row 5926: Unrealistic year
Row 6041: Unrealistic year
Row 6126: Unrealistic year
Row 6178: Unrealistic year
Row 6199: Unrealistic year
Row 6401: Unrealistic year
Row 6628: Unrealistic year
Row 6648: Unrealistic year
Row 6674: Unrealistic year
Row 6735: Unrealistic year
Row 6851: Unrealistic year
Row 6961: Unrealistic year
Row 7188: Unrealistic year
Row 7304: Unrealistic year
Row 7306: Unrealistic year
Row 7373: Unrealistic year
Row 7465: Unrealistic year
Row 7571: Unrealistic year
Row 7615: Unrealistic year
Row 7680: Unrealistic year
Row 7772: Unrealistic year
Row 7796: Unrealistic year
Row 7810: Unrealistic year
Row 7981: Unrealistic year
Row 8112: Unrealistic year
Row 8129: Unrealistic year
Row 8209: Unrealistic year
Row 8240: Unrealistic year
Row 8338: Unrealistic year
Row 8416: Unrealistic year
Row 8466: Unrealistic year
Row 8494: Unrealistic year
Row 8638: Unrealistic year
Row 8646: Unrealistic year
Row 8774: Unrealistic year
Row 9021: Unrealistic year
Row 9064: Unrealistic year
Row 9066: Invalid ISBN format
Row 9088: Unrealistic year
Row 9102: Unrealistic year
Row 9127: Unrealistic year
Row 9131: Unrealistic year
Row 9240: Unrealistic year
Row 9249: Unrealistic year
Row 9285: Unrealistic year
Row 9352: Unrealistic year
Row 9354: Unrealistic year
Row 9411: Unrealistic year
Row 9500: Unrealistic year
Row 9514: Unrealistic year
Row 9543: Unrealistic year
Row 9629: Unrealistic year
Row 9683: Unrealistic year
Row 9749: Unrealistic year
Row 9802: Unrealistic year
Row 9831: Invalid ISBN format, Unrealistic year
Row 9848: Unrealistic year
Row 9878: Unrealistic year
Row 9923: Unrealistic year
Row 9975: Unrealistic year
Row 9980: Unrealistic year
Row 9993: Unrealistic year